задание: 2.2.2
проект: 221-command-time
устройство: 2e8a:000a
серийный номер: E6639C758F144D34
порт: /dev/ttyACM0
начало: 2026-10-01T02:25:10
   0.000 --> uptime
   0.001 <-- uptime
   0.001 <-- dbg read_line:123 got uptime
   0.001 <-- uptime: 857 ms
   0.403 --> boot_info
   0.403 <-- boot_info
   0.403 <-- dbg read_line:123 got boot_info
   0.403 <-- vector table   0x10000100
   0.403 <-- stack top    0x20042000
   0.404 <-- reset        0x100001f7
   0.404 <-- reset (even) 0x100001f6
   0.404 <-- gpio in        0xd0000004
   0.404 <-- led bit      0
   0.404 <-- gpio_get     0
   0.806 --> uptime
   0.806 <-- uptime
   0.806 <-- dbg read_line:123 got uptime
   0.806 <-- uptime: 1661 ms
   1.207 --> boot_info
   1.208 <-- boot_info
   1.208 <-- dbg read_line:123 got boot_info
   1.208 <-- vector table   0x10000100
   1.208 <-- stack top    0x20042000
   1.208 <-- reset        0x100001f7
   1.209 <-- reset (even) 0x100001f6
   1.209 <-- gpio in        0xd0000004
   1.209 <-- led bit      0
   1.209 <-- gpio_get     0
   1.610 --> uptime
   1.611 <-- uptime
   1.611 <-- dbg read_line:123 got uptime
   1.611 <-- uptime: 2466 ms
   2.012 --> boot_info
   2.012 <-- boot_info
   2.012 <-- dbg read_line:123 got boot_info
   2.013 <-- vector table   0x10000100
   2.013 <-- stack top    0x20042000
   2.013 <-- reset        0x100001f7
   2.013 <-- reset (even) 0x100001f6
   2.013 <-- gpio in        0xd0000004
   2.014 <-- led bit      1
   2.014 <-- gpio_get     1
   2.415 --> uptime
   2.415 <-- uptime
   2.415 <-- dbg read_line:123 got uptime
   2.416 <-- uptime: 3271 ms
   2.817 --> boot_info
   2.817 <-- boot_info
   2.817 <-- dbg read_line:123 got boot_info
   2.817 <-- vector table   0x10000100
   2.817 <-- stack top    0x20042000
   2.817 <-- reset        0x100001f7
   2.818 <-- reset (even) 0x100001f6
   2.818 <-- gpio in        0xd0000004
   2.818 <-- led bit      1
   2.818 <-- gpio_get     1
итог: отправлено команд 8, принято строк 48
