задание: 2.1.3
проект: 211-command-usb
устройство: 2e8a:000a
серийный номер: E6639C758F144D34
порт: /dev/ttyACM0
начало: 2026-09-30T16:20:06
   0.000 --> mem_info
   0.169 <-- mem_info
   0.170 <-- dbg read_line:140 got mem_info
   0.170 <-- area       start      end        size
   0.170 <-- flash      0x10000000 0x10200000  2097152
   0.171 <-- sram       0x20000000 0x20042000   270336
   0.171 <-- rom        0x00000000 0x00004000    16384
   0.171 <-- image      0x10000000 0x10008524    34084
   0.171 <-- free       0x10008524 0x10200000  2063068
   0.172 <-- boot2      0x10000000 0x10000100      256
   0.172 <-- text       0x10000100 0x10007554    29780
   0.172 <-- data flash 0x10007554 0x10008524     4048
   0.172 <-- data ram   0x200000c0 0x20001090     4048
   0.172 <-- bss        0x20001090 0x20001ccc     3132
   0.173 <-- heap       0x20001ccc 0x20040000   254772
   0.173 <-- stack      0x20041800 0x20042000     2048
   0.173 <-- total
   0.173 <-- flash image    34084 = boot2 256 + text 29780 + data 4048
   0.173 <-- flash free   2063068 of 2097152
   0.174 <-- ram used        7180 = data 4048 + bss 3132
   0.174 <-- ram free      254772 for heap and 2048 for stack
итог: отправлено команд 1, принято строк 20
