задание: 2.1.6
проект: 211-command-usb
устройство: 2e8a:000a
серийный номер: E6639C758F144D34
порт: /dev/ttyACM0
начало: 2026-09-30T17:40:55
   0.000 --> boot_info
   0.191 <-- boot_info
   0.192 <-- dbg read_line:151 got boot_info
   0.192 <-- vector table   0x10000100
   0.192 <-- stack top    0x20042000
   0.192 <-- reset        0x100001f7
   0.192 <-- reset (even) 0x100001f6
   0.193 <-- gpio in        0xd0000004
   0.193 <-- led bit      0
   0.193 <-- gpio_get     0
   2.195 --> enable
   2.330 <-- enable
   2.330 <-- dbg read_line:151 got enable
   2.330 <-- inf cmd_enable:59 led on
   4.332 --> boot_info
   4.528 <-- boot_info
   4.528 <-- dbg read_line:151 got boot_info
   4.528 <-- vector table   0x10000100
   4.528 <-- stack top    0x20042000
   4.529 <-- reset        0x100001f7
   4.529 <-- reset (even) 0x100001f6
   4.529 <-- gpio in        0xd0000004
   4.529 <-- led bit      1
   4.529 <-- gpio_get     1
   6.532 --> disable
   6.686 <-- disable
   6.686 <-- dbg read_line:151 got disable
   6.686 <-- inf cmd_disable:65 led off
   8.689 --> boot_info
   8.884 <-- boot_info
   8.884 <-- dbg read_line:151 got boot_info
   8.884 <-- vector table   0x10000100
   8.885 <-- stack top    0x20042000
   8.885 <-- reset        0x100001f7
   8.885 <-- reset (even) 0x100001f6
   8.885 <-- gpio in        0xd0000004
   8.885 <-- led bit      0
   8.885 <-- gpio_get     0
итог: отправлено команд 5, принято строк 33
